// Jest Snapshot v1, https://goo.gl/fbAQLP

exports[`AppNotFound AppNotFound Snapshot 1`] = `
<div
  class="not-found"
>
  <div>
    <h1>
      Search not found
    </h1>
    <p>
      Sorry, we couldn't find any results for 
      <span>
        "xxxx"
      </span>
      .
    </p>
    <p>
      Please input the correct block number or transaction hash or account address.
    </p>
    <img
      src="https://s3.ap-northeast-2.amazonaws.com/terra.money.home/static/finder/earth.svg"
    />
    <router-link-stub
      exact="exact"
      to="/"
    >
      <span>
        Back to Home
      </span>
    </router-link-stub>
  </div>
</div>
`;
